../Core/Src/main.c:102:6:microDelay	16	static
../Core/Src/main.c:108:9:DHT11_Start	32	static
../Core/Src/main.c:139:9:DHT11_Read	16	static
../Core/Src/main.c:167:6:Security_System_Handler	80	static
../Core/Src/main.c:248:6:display_values	96	static
../Core/Src/main.c:363:5:main	8	static
../Core/Src/main.c:432:6:SystemClock_Config	88	static
../Core/Src/main.c:479:13:MX_I2C1_Init	8	static
../Core/Src/main.c:513:13:MX_TIM1_Init	32	static
../Core/Src/main.c:559:13:MX_USART2_UART_Init	8	static
../Core/Src/main.c:592:13:MX_GPIO_Init	48	static
../Core/Src/main.c:643:6:Error_Handler	4	static,ignoring_inline_asm
