../Core/Src/main.c:102:6:microDelay	16	static
../Core/Src/main.c:108:9:DHT11_Start	32	static
../Core/Src/main.c:139:9:DHT11_Read	16	static
../Core/Src/main.c:167:6:Security_System_Handler	80	static
../Core/Src/main.c:237:6:display_values	32	static
../Core/Src/main.c:305:5:main	8	static
../Core/Src/main.c:372:6:SystemClock_Config	88	static
../Core/Src/main.c:419:13:MX_I2C1_Init	8	static
../Core/Src/main.c:453:13:MX_TIM1_Init	32	static
../Core/Src/main.c:499:13:MX_USART2_UART_Init	8	static
../Core/Src/main.c:532:13:MX_GPIO_Init	48	static
../Core/Src/main.c:583:6:Error_Handler	4	static,ignoring_inline_asm
